Archive member included to satisfy reference by file (symbol)

/usr/lib/x86_64-linux-gnu/libc_nonshared.a(elf-init.oS)
                              /usr/lib/x86_64-linux-gnu/crt1.o (__libc_csu_init)

Discarded input sections

 .note.GNU-stack
                0x0000000000000000        0x0 /usr/lib/x86_64-linux-gnu/crt1.o
 .note.GNU-stack
                0x0000000000000000        0x0 /usr/lib/x86_64-linux-gnu/crti.o
 .note.GNU-stack
                0x0000000000000000        0x0 /usr/local/lib/gcc/x86_64-pc-linux-gnu/9.2.0/crtbegin.o
 .note.GNU-stack
                0x0000000000000000        0x0 /tmp/ccPEUwNI.o
 .note.GNU-stack
                0x0000000000000000        0x0 /usr/lib/x86_64-linux-gnu/libc_nonshared.a(elf-init.oS)
 .note.GNU-stack
                0x0000000000000000        0x0 /usr/local/lib/gcc/x86_64-pc-linux-gnu/9.2.0/crtend.o
 .note.GNU-stack
                0x0000000000000000        0x0 /usr/lib/x86_64-linux-gnu/crtn.o

Memory Configuration

Name             Origin             Length             Attributes
*default*        0x0000000000000000 0xffffffffffffffff

Linker script and memory map

LOAD /usr/lib/x86_64-linux-gnu/crt1.o
LOAD /usr/lib/x86_64-linux-gnu/crti.o
LOAD /usr/local/lib/gcc/x86_64-pc-linux-gnu/9.2.0/crtbegin.o
LOAD /tmp/ccPEUwNI.o
LOAD /usr/local/lib/gcc/x86_64-pc-linux-gnu/9.2.0/libgcc.a
LOAD /usr/local/lib/gcc/x86_64-pc-linux-gnu/9.2.0/../../../../lib64/libgcc_s.so
START GROUP
LOAD /usr/local/lib/gcc/x86_64-pc-linux-gnu/9.2.0/../../../../lib64/libgcc_s.so.1
LOAD /usr/local/lib/gcc/x86_64-pc-linux-gnu/9.2.0/libgcc.a
END GROUP
LOAD /usr/lib/x86_64-linux-gnu/libc.so
START GROUP
LOAD /lib/x86_64-linux-gnu/libc.so.6
LOAD /usr/lib/x86_64-linux-gnu/libc_nonshared.a
LOAD /lib/x86_64-linux-gnu/ld-linux-x86-64.so.2
END GROUP
LOAD /usr/local/lib/gcc/x86_64-pc-linux-gnu/9.2.0/libgcc.a
LOAD /usr/local/lib/gcc/x86_64-pc-linux-gnu/9.2.0/../../../../lib64/libgcc_s.so
START GROUP
LOAD /usr/local/lib/gcc/x86_64-pc-linux-gnu/9.2.0/../../../../lib64/libgcc_s.so.1
LOAD /usr/local/lib/gcc/x86_64-pc-linux-gnu/9.2.0/libgcc.a
END GROUP
LOAD /usr/local/lib/gcc/x86_64-pc-linux-gnu/9.2.0/crtend.o
LOAD /usr/lib/x86_64-linux-gnu/crtn.o
                [!provide]                        PROVIDE (__executable_start = SEGMENT_START ("text-segment", 0x400000))
                0x0000000000400238                . = (SEGMENT_START ("text-segment", 0x400000) + SIZEOF_HEADERS)

.interp         0x0000000000400238       0x1c
 *(.interp)
 .interp        0x0000000000400238       0x1c /usr/lib/x86_64-linux-gnu/crt1.o

.note.ABI-tag   0x0000000000400254       0x20
 .note.ABI-tag  0x0000000000400254       0x20 /usr/lib/x86_64-linux-gnu/crt1.o

.note.gnu.build-id
 *(.note.gnu.build-id)

.hash           0x0000000000400278       0x24
 *(.hash)
 .hash          0x0000000000400278       0x24 /usr/lib/x86_64-linux-gnu/crt1.o

.gnu.hash       0x00000000004002a0       0x1c
 *(.gnu.hash)
 .gnu.hash      0x00000000004002a0       0x1c /usr/lib/x86_64-linux-gnu/crt1.o

.dynsym         0x00000000004002c0       0x60
 *(.dynsym)
 .dynsym        0x00000000004002c0       0x60 /usr/lib/x86_64-linux-gnu/crt1.o

.dynstr         0x0000000000400320       0x3f
 *(.dynstr)
 .dynstr        0x0000000000400320       0x3f /usr/lib/x86_64-linux-gnu/crt1.o

.gnu.version    0x0000000000400360        0x8
 *(.gnu.version)
 .gnu.version   0x0000000000400360        0x8 /usr/lib/x86_64-linux-gnu/crt1.o

.gnu.version_d  0x0000000000400368        0x0
 *(.gnu.version_d)
 .gnu.version_d
                0x0000000000400368        0x0 /usr/lib/x86_64-linux-gnu/crt1.o

.gnu.version_r  0x0000000000400368       0x20
 *(.gnu.version_r)
 .gnu.version_r
                0x0000000000400368       0x20 /usr/lib/x86_64-linux-gnu/crt1.o

.rela.dyn       0x0000000000400388       0x30
 *(.rela.init)
 *(.rela.text .rela.text.* .rela.gnu.linkonce.t.*)
 .rela.text     0x0000000000400388        0x0 /usr/lib/x86_64-linux-gnu/crt1.o
 *(.rela.fini)
 *(.rela.rodata .rela.rodata.* .rela.gnu.linkonce.r.*)
 *(.rela.data .rela.data.* .rela.gnu.linkonce.d.*)
 .rela.data.rel.ro
                0x0000000000400388        0x0 /usr/lib/x86_64-linux-gnu/crt1.o
 *(.rela.tdata .rela.tdata.* .rela.gnu.linkonce.td.*)
 *(.rela.tbss .rela.tbss.* .rela.gnu.linkonce.tb.*)
 *(.rela.ctors)
 *(.rela.dtors)
 *(.rela.got)
 .rela.got      0x0000000000400388       0x30 /usr/lib/x86_64-linux-gnu/crt1.o
 *(.rela.bss .rela.bss.* .rela.gnu.linkonce.b.*)
 .rela.bss      0x00000000004003b8        0x0 /usr/lib/x86_64-linux-gnu/crt1.o
 *(.rela.ldata .rela.ldata.* .rela.gnu.linkonce.l.*)
 *(.rela.lbss .rela.lbss.* .rela.gnu.linkonce.lb.*)
 *(.rela.lrodata .rela.lrodata.* .rela.gnu.linkonce.lr.*)
 *(.rela.ifunc)

.rela.plt       0x00000000004003b8       0x18
 *(.rela.plt)
 .rela.plt      0x00000000004003b8       0x18 /usr/lib/x86_64-linux-gnu/crt1.o
                [!provide]                        PROVIDE (__rela_iplt_start = .)
 *(.rela.iplt)
 .rela.iplt     0x00000000004003d0        0x0 /usr/lib/x86_64-linux-gnu/crt1.o
                [!provide]                        PROVIDE (__rela_iplt_end = .)

.init           0x00000000004003d0       0x17
 *(SORT_NONE(.init))
 .init          0x00000000004003d0       0x12 /usr/lib/x86_64-linux-gnu/crti.o
                0x00000000004003d0                _init
 .init          0x00000000004003e2        0x5 /usr/lib/x86_64-linux-gnu/crtn.o

.plt            0x00000000004003f0       0x20
 *(.plt)
 .plt           0x00000000004003f0       0x20 /usr/lib/x86_64-linux-gnu/crt1.o
                0x0000000000400400                printf@@GLIBC_2.2.5
 *(.iplt)
 .iplt          0x0000000000400410        0x0 /usr/lib/x86_64-linux-gnu/crt1.o

.plt.got        0x0000000000400410        0x0
 *(.plt.got)
 .plt.got       0x0000000000400410        0x0 /usr/lib/x86_64-linux-gnu/crt1.o

.plt.sec
 *(.plt.sec)

.text           0x0000000000400410      0x282
 *(.text.unlikely .text.*_unlikely .text.unlikely.*)
 *(.text.exit .text.exit.*)
 *(.text.startup .text.startup.*)
 *(.text.hot .text.hot.*)
 *(.text .stub .text.* .gnu.linkonce.t.*)
 .text          0x0000000000400410       0x32 /usr/lib/x86_64-linux-gnu/crt1.o
                0x0000000000400410                _start
                0x0000000000400440                _dl_relocate_static_pie
 .text          0x0000000000400442        0x0 /usr/lib/x86_64-linux-gnu/crti.o
 *fill*         0x0000000000400442        0xe 
 .text          0x0000000000400450       0xa2 /usr/local/lib/gcc/x86_64-pc-linux-gnu/9.2.0/crtbegin.o
 .text          0x00000000004004f2      0x123 /tmp/ccPEUwNI.o
                0x00000000004004f2                test_struct
                0x0000000000400535                test_bitfield
                0x0000000000400550                version
                0x000000000040056f                hello
                0x000000000040058e                finsh_system_function_init
                0x00000000004005e1                main
 *fill*         0x0000000000400615        0xb 
 .text          0x0000000000400620       0x72 /usr/lib/x86_64-linux-gnu/libc_nonshared.a(elf-init.oS)
                0x0000000000400620                __libc_csu_init
                0x0000000000400690                __libc_csu_fini
 .text          0x0000000000400692        0x0 /usr/local/lib/gcc/x86_64-pc-linux-gnu/9.2.0/crtend.o
 .text          0x0000000000400692        0x0 /usr/lib/x86_64-linux-gnu/crtn.o
 *(.gnu.warning)

.fini           0x0000000000400694        0x9
 *(SORT_NONE(.fini))
 .fini          0x0000000000400694        0x4 /usr/lib/x86_64-linux-gnu/crti.o
                0x0000000000400694                _fini
 .fini          0x0000000000400698        0x5 /usr/lib/x86_64-linux-gnu/crtn.o
                [!provide]                        PROVIDE (__etext = .)
                [!provide]                        PROVIDE (_etext = .)
                [!provide]                        PROVIDE (etext = .)

.rodata         0x00000000004006a0       0xbe
 *(.rodata .rodata.* .gnu.linkonce.r.*)
 .rodata.cst4   0x00000000004006a0        0x4 /usr/lib/x86_64-linux-gnu/crt1.o
                0x00000000004006a0                _IO_stdin_used
 *fill*         0x00000000004006a4        0x4 
 .rodata        0x00000000004006a8       0xb6 /tmp/ccPEUwNI.o
                0x0000000000400738                __fsym_version_name
                0x0000000000400740                __fsym_hello_name

FSymTab         0x0000000000400760       0x20
 FSymTab        0x0000000000400760       0x20 /tmp/ccPEUwNI.o
                0x0000000000400760                __fsym_version
                0x0000000000400770                __fsym_hello

.rodata1
 *(.rodata1)

.eh_frame_hdr   0x0000000000400780       0x64
 *(.eh_frame_hdr)
 .eh_frame_hdr  0x0000000000400780       0x64 /usr/lib/x86_64-linux-gnu/crt1.o
                0x0000000000400780                __GNU_EH_FRAME_HDR
 *(.eh_frame_entry .eh_frame_entry.*)

.eh_frame       0x00000000004007e8      0x1a0
 *(.eh_frame)
 .eh_frame      0x00000000004007e8       0x58 /usr/lib/x86_64-linux-gnu/crt1.o
                                         0x5c (size before relaxing)
 *fill*         0x0000000000400840        0x0 
 .eh_frame      0x0000000000400840       0x28 /usr/lib/x86_64-linux-gnu/crt1.o
                                         0x40 (size before relaxing)
 .eh_frame      0x0000000000400868        0x0 /usr/lib/x86_64-linux-gnu/crt1.o
 .eh_frame      0x0000000000400868       0xc0 /tmp/ccPEUwNI.o
                                         0xd8 (size before relaxing)
 .eh_frame      0x0000000000400928       0x5c /usr/lib/x86_64-linux-gnu/libc_nonshared.a(elf-init.oS)
                                         0x78 (size before relaxing)
 .eh_frame      0x0000000000400984        0x4 /usr/local/lib/gcc/x86_64-pc-linux-gnu/9.2.0/crtend.o
 *(.eh_frame.*)

.gcc_except_table
 *(.gcc_except_table .gcc_except_table.*)

.gnu_extab
 *(.gnu_extab*)

.exception_ranges
 *(.exception_ranges .exception_ranges*)
                0x0000000000600e00                . = DATA_SEGMENT_ALIGN (CONSTANT (MAXPAGESIZE), CONSTANT (COMMONPAGESIZE))

.eh_frame
 *(.eh_frame)
 *(.eh_frame.*)

.gnu_extab
 *(.gnu_extab)

.gcc_except_table
 *(.gcc_except_table .gcc_except_table.*)

.exception_ranges
 *(.exception_ranges .exception_ranges*)

.tdata
 *(.tdata .tdata.* .gnu.linkonce.td.*)

.tbss
 *(.tbss .tbss.* .gnu.linkonce.tb.*)
 *(.tcommon)

.preinit_array  0x0000000000600e00        0x0
                [!provide]                        PROVIDE (__preinit_array_start = .)
 *(.preinit_array)
                [!provide]                        PROVIDE (__preinit_array_end = .)

.init_array     0x0000000000600e00        0x8
                0x0000000000600e00                PROVIDE (__init_array_start = .)
 *(SORT_BY_INIT_PRIORITY(.init_array.*) SORT_BY_INIT_PRIORITY(.ctors.*))
 *(.init_array EXCLUDE_FILE(*crtend?.o *crtend.o *crtbegin?.o *crtbegin.o) .ctors)
 .init_array    0x0000000000600e00        0x8 /usr/local/lib/gcc/x86_64-pc-linux-gnu/9.2.0/crtbegin.o
                0x0000000000600e08                PROVIDE (__init_array_end = .)

.fini_array     0x0000000000600e08        0x8
                [!provide]                        PROVIDE (__fini_array_start = .)
 *(SORT_BY_INIT_PRIORITY(.fini_array.*) SORT_BY_INIT_PRIORITY(.dtors.*))
 *(.fini_array EXCLUDE_FILE(*crtend?.o *crtend.o *crtbegin?.o *crtbegin.o) .dtors)
 .fini_array    0x0000000000600e08        0x8 /usr/local/lib/gcc/x86_64-pc-linux-gnu/9.2.0/crtbegin.o
                [!provide]                        PROVIDE (__fini_array_end = .)

.ctors
 *crtbegin.o(.ctors)
 *crtbegin?.o(.ctors)
 *(EXCLUDE_FILE(*crtend?.o *crtend.o) .ctors)
 *(SORT_BY_NAME(.ctors.*))
 *(.ctors)

.dtors
 *crtbegin.o(.dtors)
 *crtbegin?.o(.dtors)
 *(EXCLUDE_FILE(*crtend?.o *crtend.o) .dtors)
 *(SORT_BY_NAME(.dtors.*))
 *(.dtors)

.jcr
 *(.jcr)

.data.rel.ro    0x0000000000600e10        0x0
 *(.data.rel.ro.local* .gnu.linkonce.d.rel.ro.local.*)
 *(.data.rel.ro .data.rel.ro.* .gnu.linkonce.d.rel.ro.*)
 .data.rel.ro   0x0000000000600e10        0x0 /usr/lib/x86_64-linux-gnu/crt1.o

.dynamic        0x0000000000600e10      0x1e0
 *(.dynamic)
 .dynamic       0x0000000000600e10      0x1e0 /usr/lib/x86_64-linux-gnu/crt1.o
                0x0000000000600e10                _DYNAMIC

.got            0x0000000000600ff0       0x10
 *(.got)
 .got           0x0000000000600ff0       0x10 /usr/lib/x86_64-linux-gnu/crt1.o
 *(.igot)
                0x0000000000601fe8                . = DATA_SEGMENT_RELRO_END (., (SIZEOF (.got.plt) >= 0x18)?0x18:0x0)

.got.plt        0x0000000000601000       0x20
 *(.got.plt)
 .got.plt       0x0000000000601000       0x20 /usr/lib/x86_64-linux-gnu/crt1.o
                0x0000000000601000                _GLOBAL_OFFSET_TABLE_
 *(.igot.plt)
 .igot.plt      0x0000000000601020        0x0 /usr/lib/x86_64-linux-gnu/crt1.o

.data           0x0000000000601020       0x10
 *(.data .data.* .gnu.linkonce.d.*)
 .data          0x0000000000601020        0x4 /usr/lib/x86_64-linux-gnu/crt1.o
                0x0000000000601020                data_start
                0x0000000000601020                __data_start
 .data          0x0000000000601024        0x0 /usr/lib/x86_64-linux-gnu/crti.o
 *fill*         0x0000000000601024        0x4 
 .data          0x0000000000601028        0x8 /usr/local/lib/gcc/x86_64-pc-linux-gnu/9.2.0/crtbegin.o
                0x0000000000601028                __dso_handle
 .data          0x0000000000601030        0x0 /tmp/ccPEUwNI.o
 .data          0x0000000000601030        0x0 /usr/lib/x86_64-linux-gnu/libc_nonshared.a(elf-init.oS)
 .data          0x0000000000601030        0x0 /usr/local/lib/gcc/x86_64-pc-linux-gnu/9.2.0/crtend.o
 .data          0x0000000000601030        0x0 /usr/lib/x86_64-linux-gnu/crtn.o

.tm_clone_table
                0x0000000000601030        0x0
 .tm_clone_table
                0x0000000000601030        0x0 /usr/local/lib/gcc/x86_64-pc-linux-gnu/9.2.0/crtbegin.o
 .tm_clone_table
                0x0000000000601030        0x0 /usr/local/lib/gcc/x86_64-pc-linux-gnu/9.2.0/crtend.o

seg_a           0x0000000000601030        0xc
 seg_a          0x0000000000601030        0xc /tmp/ccPEUwNI.o
                0x0000000000601030                a1
                0x0000000000601034                a2
                0x0000000000601038                a3

.data1
 *(.data1)
                0x000000000060103c                _edata = .
                [!provide]                        PROVIDE (edata = .)
                0x000000000060103c                . = .
                0x000000000060103c                __bss_start = .

.bss            0x0000000000601040       0x18
 *(.dynbss)
 .dynbss        0x0000000000601040        0x0 /usr/lib/x86_64-linux-gnu/crt1.o
 *(.bss .bss.* .gnu.linkonce.b.*)
 .bss           0x0000000000601040        0x0 /usr/lib/x86_64-linux-gnu/crt1.o
 .bss           0x0000000000601040        0x0 /usr/lib/x86_64-linux-gnu/crti.o
 .bss           0x0000000000601040        0x1 /usr/local/lib/gcc/x86_64-pc-linux-gnu/9.2.0/crtbegin.o
 *fill*         0x0000000000601041        0x7 
 .bss           0x0000000000601048       0x10 /tmp/ccPEUwNI.o
                0x0000000000601048                _syscall_table_begin
                0x0000000000601050                _syscall_table_end
 .bss           0x0000000000601058        0x0 /usr/lib/x86_64-linux-gnu/libc_nonshared.a(elf-init.oS)
 .bss           0x0000000000601058        0x0 /usr/local/lib/gcc/x86_64-pc-linux-gnu/9.2.0/crtend.o
 .bss           0x0000000000601058        0x0 /usr/lib/x86_64-linux-gnu/crtn.o
 *(COMMON)
                0x0000000000601058                . = ALIGN ((. != 0x0)?0x8:0x1)

.lbss
 *(.dynlbss)
 *(.lbss .lbss.* .gnu.linkonce.lb.*)
 *(LARGE_COMMON)
                0x0000000000601058                . = ALIGN (0x8)
                0x0000000000601058                . = SEGMENT_START ("ldata-segment", .)

.lrodata
 *(.lrodata .lrodata.* .gnu.linkonce.lr.*)

.ldata          0x0000000000a01058        0x0
 *(.ldata .ldata.* .gnu.linkonce.l.*)
                0x0000000000a01058                . = ALIGN ((. != 0x0)?0x8:0x1)
                0x0000000000a01058                . = ALIGN (0x8)
                0x0000000000a01058                _end = .
                [!provide]                        PROVIDE (end = .)
                0x0000000000a01058                . = DATA_SEGMENT_END (.)

.stab
 *(.stab)

.stabstr
 *(.stabstr)

.stab.excl
 *(.stab.excl)

.stab.exclstr
 *(.stab.exclstr)

.stab.index
 *(.stab.index)

.stab.indexstr
 *(.stab.indexstr)

.comment        0x0000000000000000       0x11
 *(.comment)
 .comment       0x0000000000000000       0x11 /usr/local/lib/gcc/x86_64-pc-linux-gnu/9.2.0/crtbegin.o
                                         0x12 (size before relaxing)
 .comment       0x0000000000000011       0x12 /tmp/ccPEUwNI.o
 .comment       0x0000000000000011       0x12 /usr/local/lib/gcc/x86_64-pc-linux-gnu/9.2.0/crtend.o

.debug
 *(.debug)

.line
 *(.line)

.debug_srcinfo
 *(.debug_srcinfo)

.debug_sfnames
 *(.debug_sfnames)

.debug_aranges  0x0000000000000000       0x30
 *(.debug_aranges)
 .debug_aranges
                0x0000000000000000       0x30 /tmp/ccPEUwNI.o

.debug_pubnames
 *(.debug_pubnames)

.debug_info     0x0000000000000000      0x5c6
 *(.debug_info .gnu.linkonce.wi.*)
 .debug_info    0x0000000000000000      0x5c6 /tmp/ccPEUwNI.o

.debug_abbrev   0x0000000000000000      0x19e
 *(.debug_abbrev)
 .debug_abbrev  0x0000000000000000      0x19e /tmp/ccPEUwNI.o

.debug_line     0x0000000000000000      0x154
 *(.debug_line .debug_line.* .debug_line_end)
 .debug_line    0x0000000000000000      0x154 /tmp/ccPEUwNI.o

.debug_frame
 *(.debug_frame)

.debug_str      0x0000000000000000      0x38b
 *(.debug_str)
 .debug_str     0x0000000000000000      0x38b /tmp/ccPEUwNI.o
                                        0x3e4 (size before relaxing)

.debug_loc
 *(.debug_loc)

.debug_macinfo
 *(.debug_macinfo)

.debug_weaknames
 *(.debug_weaknames)

.debug_funcnames
 *(.debug_funcnames)

.debug_typenames
 *(.debug_typenames)

.debug_varnames
 *(.debug_varnames)

.debug_pubtypes
 *(.debug_pubtypes)

.debug_ranges
 *(.debug_ranges)

.debug_macro
 *(.debug_macro)

.debug_addr
 *(.debug_addr)

.gnu.attributes
 *(.gnu.attributes)

/DISCARD/
 *(.note.GNU-stack)
 *(.gnu_debuglink)
 *(.gnu.lto_*)
OUTPUT(test.bin elf64-x86-64)
